// Jest Snapshot v1, https://goo.gl/fbAQLP

exports[`matches snapshot 1`] = `
<DocumentFragment>
  <div>
    <h1
      class="MuiTypography-root MuiTypography-h1"
    >
      Lyrify
    </h1>
    <a
      href="http://localhost:5000/spotify/auth"
    >
      <button
        class="MuiButtonBase-root MuiButton-root MuiButton-contained MuiButton-containedPrimary"
        tabindex="0"
        type="button"
      >
        <span
          class="MuiButton-label"
        >
          Login with Spotify
        </span>
        <span
          class="MuiTouchRipple-root"
        />
      </button>
    </a>
  </div>
</DocumentFragment>
`;
